5 COMMENT 5
6 COMMENT 1
7 NAME HELLO
7 NAME COMPI
7 NAME PEOPLE
7 IMPORTANT !iMpOrtant
8 NUMBER -0
9 NUMBER +0
10 NUMBER -0x1aF
11 NUMBER 1337
12 NUMBER -0x1
12 NAME qF
13 NUMBER -0
13 NAME xq
14 COMB +
15 NUMBER 1
15 DOT .
15 NUMBER 1
16 UNIT 0x
17 UNIT 15cm
18 NUMBER +13
18 NAME px
19 RGB rgb(1,1,1)
20 RGB rgb(15,20,30)
21 RGB rgb(015,0,-514)
23 RGB rgb(1 ,	
	2,   03 )
Error in rgb parameters
