1 NUMBER 1
1 DOT .
1 NUMBER 1
2 NUMBER 0x1
2 NAME Q
3 UNIT 0x
4 UNIT 0x
4 NAME -F
5 NUMBER 0
5 DOT .
5 NAME cm
6 NUMBER 1
6 DOT .
6 UNIT 1.1%
7 UNIT 15sec
Error %
