1 STRING 
2 STRING it's a cold cold night
3 STRING G00D\0H N0!
Error undefined escape sequence O
