---end scope---
---end scope---
printOk - 0 preconditions
isOk BOOL -1
---end scope---
---end scope---
line 14: unexpected continue statement
