---end scope---
a - 0 preconditions
---end scope---
main - 0 preconditions
c INT 0
---end scope---
print (STRING)->VOID 0
printi (INT)->VOID 0
a ()->INT 0
main ()->VOID 0
