---end scope---
a - 0 preconditions
c INT -1
---end scope---
main - 0 preconditions
t1 INT 0
t2 INT 1
c INT 2
---end scope---
print (STRING)->VOID 0
printi (INT)->VOID 0
a (INT)->INT 0
main ()->VOID 0
