---end scope---
foo - 0 preconditions
line 6: type mismatch
