---end scope---
a - 0 preconditions
line 6: type mismatch
