---end scope---
main - 0 preconditions
line 3: identifier main is already defined
