---end scope---
main - 0 preconditions
a INT -1
Program has no 'void main()' function
