---end scope---
maina - 0 preconditions
Program has no 'void main()' function
