---end scope---
foo - 0 preconditions
c INT -1
line 6: byte value 256 out of range
