---end scope---
a - 0 preconditions
---end scope---
foo - 0 preconditions
---end scope---
d INT 1
---end scope---
c INT 0
---end scope---
main - 0 preconditions
---end scope---
print (STRING)->VOID 0
printi (INT)->VOID 0
a ()->INT 0
foo ()->INT 0
main ()->VOID 0
