---end scope---
a - 0 preconditions
c BOOL -1
d BOOL -2
---end scope---
main - 0 preconditions
e BYTE 0
---end scope---
print (STRING)->VOID 0
printi (INT)->VOID 0
a (BOOL,BOOL)->BYTE 0
main ()->VOID 0
