Loaded: ./exceptions.s
f1.
f2.
f1.
f2.
f1.
f2.
f2.
f2.
f1.
f1.
2f1.

f2.
3f2.

