Loaded: ./exceptions.s
0
0
9294156
called printAndRet
0
called printAndRet
1a6=6
a9=9
a6=6
a9=19
