Loaded: ./exceptions.s
0 mod 11 = 0
18 mod 2 = 0
20 mod 3 = 2
