Loaded: ./exceptions.s
FIRE!
FIRE!*-
FIRE!*-*
FIRE!*-**-
FIRE!*-**-*
FIRE!*-**-**-
FIRE!*-**-**-*
FIRE!*-**-**-**-
FIRE!*-**-**-**-*

FIRE!*-
FIRE!*-**-
FIRE!*-**-**-
FIRE!*-**-**-**-

FIRE!*-*
FIRE!*-**-**-
FIRE!*-**-**-**-*
FIRE!*-**-**-**-**-**-
FIRE!*-**-**-**-**-**-**-*
FIRE!*-**-**-**-**-**-**-**-**-
FIRE!*-**-**-**-**-**-**-**-**-**-*
FIRE!*-**-**-**-**-**-**-**-**-**-**-**-
FIRE!*-**-**-**-**-**-**-**-**-**-**-**-**-*

FIRE!*-**-
FIRE!*-**-**-**-
FIRE!*-**-**-**-**-**-
FIRE!*-**-**-**-**-**-**-**-

FIRE!*-**-*

FIRE!*-**-**-
FIRE!*-**-**-**-**-**-
FIRE!*-**-**-**-**-**-**-**-**-
FIRE!*-**-**-**-**-**-**-**-**-**-**-**-

FIRE!*-**-**-*
FIRE!*-**-**-**-**-**-**-
FIRE!*-**-**-**-**-**-**-**-**-**-*
FIRE!*-**-**-**-**-**-**-**-**-**-**-**-**-**-
FIRE!*-**-**-**-**-**-**-**-**-**-**-**-**-**-**-**-**-*
FIRE!*-**-**-**-**-**-**-**-**-**-**-**-**-**-**-**-**-**-**-**-**-
FIRE!*-**-**-**-**-**-**-**-**-**-**-**-**-**-**-**-**-**-**-**-**-**-**-**-*
FIRE!*-**-**-**-**-**-**-**-**-**-**-**-**-**-**-**-**-**-**-**-**-**-**-**-**-**-**-**-
FIRE!*-**-**-**-**-**-**-**-**-**-**-**-**-**-**-**-**-**-**-**-**-**-**-**-**-**-**-**-**-**-**-*

FIRE!*-**-**-**-
FIRE!*-**-**-**-**-**-**-**-
FIRE!*-**-**-**-**-**-**-**-**-**-**-**-
FIRE!*-**-**-**-**-**-**-**-**-**-**-**-**-**-**-**-

FIRE!*-**-**-**-*
FIRE!*-**-**-**-**-**-**-**-**-
FIRE!*-**-**-**-**-**-**-**-**-**-**-**-**-*
FIRE!*-**-**-**-**-**-**-**-**-**-**-**-**-**-**-**-**-**-
FIRE!*-**-**-**-**-**-**-**-**-**-**-**-**-**-**-**-**-**-**-**-**-**-*
FIRE!*-**-**-**-**-**-**-**-**-**-**-**-**-**-**-**-**-**-**-**-**-**-**-**-**-**-**-
FIRE!*-**-**-**-**-**-**-**-**-**-**-**-**-**-**-**-**-**-**-**-**-**-**-**-**-**-**-**-**-**-**-*
FIRE!*-**-**-**-**-**-**-**-**-**-**-**-**-**-**-**-**-**-**-**-**-**-**-**-**-**-**-**-**-**-**-**-**-**-**-**-
FIRE!*-**-**-**-**-**-**-**-**-**-**-**-**-**-**-**-**-**-**-**-**-**-**-**-**-**-**-**-**-**-**-**-**-**-**-**-**-**-**-**-*


FIRE!*-**-**-**-**-*
FIRE!*-**-**-**-**-**-**-**-**-**-**-
FIRE!*-**-**-**-**-**-**-**-**-**-**-**-**-**-**-**-*
FIRE!*-**-**-**-**-**-**-**-**-**-**-**-**-**-**-**-**-**-**-**-**-**-
FIRE!*-**-**-**-**-**-**-**-**-**-**-**-**-**-**-**-**-**-**-**-**-**-**-**-**-**-**-*
FIRE!*-**-**-**-**-**-**-**-**-**-**-**-**-**-**-**-**-**-**-**-**-**-**-**-**-**-**-**-**-**-**-**-**-
FIRE!*-**-**-**-**-**-**-**-**-**-**-**-**-**-**-**-**-**-**-**-**-**-**-**-**-**-**-**-**-**-**-**-**-**-**-**-**-**-*
FIRE!*-**-**-**-**-**-**-**-**-**-**-**-**-**-**-**-**-**-**-**-**-**-**-**-**-**-**-**-**-**-**-**-**-**-**-**-**-**-**-**-**-**-**-**-
FIRE!*-**-**-**-**-**-**-**-**-**-**-**-**-**-**-**-**-**-**-**-**-**-**-**-**-**-**-**-**-**-**-**-**-**-**-**-**-**-**-**-**-**-**-**-**-**-**-**-**-*

