Loaded: ./exceptions.s
25
20
15
10
5
0
Precondition hasn't been satisfied for function isGreater
