Loaded: ./exceptions.s
Precondition hasn't been satisfied for function foo
