Loaded: ./exceptions.s
-6
-2
251
-2147483647
-2147483646
1
0
