Loaded: ./exceptions.s
10,true: 25651210000
50,true: 2562500
10,false: -40
50,false: 0
