Loaded: ./exceptions.s
OK
Precondition hasn't been satisfied for function foo2
