Loaded: ./exceptions.s
equal!
smaller!
short circuit works
good
