Loaded: ./exceptions.s
x = 5
y = 25
y = 20
y = 15
y = 10
y = 5
y = 0
y reached 0
