Loaded: ./exceptions.s
4	7	true	15
1	6	false	15
89	0	true	89
114	203	false	133500
