Loaded: ./exceptions.s
f1!
f2!
f2!
f3!
f3!
f2!
f1!
f3!
call me maybe245322
