Loaded: ./exceptions.s
11
100
true
67
true
5
true
