Loaded: ./exceptions.s
2
55
1051
101
falsetrue2551051101
