Loaded: ./exceptions.s
10
33
11
14
33
11
I hate this course
