Loaded: ./exceptions.s
8
10
18
I hate this course
