Loaded: ./exceptions.s
Your true success in life begins only when you make the commitment to become excellent at what you do. â€” Brian Tracy
I hate this course
