Loaded: ./exceptions.s
Happiness exists for those who wish for it

I hate this course
