Loaded: ./exceptions.s
15
-112
33
I hate this course
