Loaded: ./exceptions.s
16
36
31
I hate this course
