Loaded: ./exceptions.s
-133
123
I hate this course
