---end scope---
nomain - 0 preconditions
x INT 0
Program has no 'void main()' function
