---end scope---
main - 0 preconditions
x INT 0
line 8: type mismatch
