---end scope---
main - 0 preconditions
x INT 0
line 11: type mismatch
