---end scope---
main - 0 preconditions
x INT 0
---end scope---
---end scope---
---end scope---
line 10: syntax error
