---end scope---
main - 0 preconditions
x INT 0
line 6: prototype mismatch, function checkFuncCall expects arguments ()
