---end scope---
main - 0 preconditions
x INT 0
line 6: byte value 626 out of range
