---end scope---
main - 0 preconditions
x INT 0
line 9: function x is not defined
