---end scope---
main - 0 preconditions
x INT 0
line 10: type mismatch
