---end scope---
main - 0 preconditions
x INT 0
line 6: type mismatch
